// Jest Snapshot v1, https://jestjs.io/docs/snapshot-testing

exports[`スナップショット 1`] = `
{
  "Outputs": {
    "DeployRoleArn": {
      "Value": {
        "Fn::GetAtt": [
          "DeployRole885297C3",
          "Arn",
        ],
      },
    },
  },
  "Parameters": {
    "BootstrapVersion": {
      "Default": "/cdk-bootstrap/hnb659fds/version",
      "Description": "Version of the CDK Bootstrap resources in this environment, automatically retrieved from SSM Parameter Store. [cdk:skip]",
      "Type": "AWS::SSM::Parameter::Value<String>",
    },
  },
  "Resources": {
    "DeployRole885297C3": {
      "Properties": {
        "AssumeRolePolicyDocument": {
          "Statement": [
            {
              "Action": "sts:AssumeRoleWithWebIdentity",
              "Condition": {
                "StringEquals": {
                  "token.actions.githubusercontent.com:aud": "sts.amazonaws.com",
                  "token.actions.githubusercontent.com:sub": "repo:ma-sa-shi@265779122/serverless-rag-chat@1304510072:ref:refs/heads/main",
                },
              },
              "Effect": "Allow",
              "Principal": {
                "Federated": {
                  "Fn::GetAtt": [
                    "GithubOidcProvider",
                    "Arn",
                  ],
                },
              },
            },
          ],
          "Version": "2012-10-17",
        },
        "Description": "GitHub Actions deploy role (SPA sync / Lambda image update)",
        "RoleName": "serverless-rag-chat-github-actions",
      },
      "Type": "AWS::IAM::Role",
    },
    "DeployRoleDefaultPolicyDC930F96": {
      "Properties": {
        "PolicyDocument": {
          "Statement": [
            {
              "Action": [
                "s3:ListBucket",
                "s3:GetBucketLocation",
              ],
              "Effect": "Allow",
              "Resource": {
                "Fn::ImportValue": "TestEdgeStack:ExportsOutputFnGetAttSpaBucket48E1059FArn2DCBB8A5",
              },
            },
            {
              "Action": [
                "s3:GetObject",
                "s3:PutObject",
                "s3:DeleteObject",
              ],
              "Effect": "Allow",
              "Resource": {
                "Fn::Join": [
                  "",
                  [
                    {
                      "Fn::ImportValue": "TestEdgeStack:ExportsOutputFnGetAttSpaBucket48E1059FArn2DCBB8A5",
                    },
                    "/*",
                  ],
                ],
              },
            },
            {
              "Action": "cloudfront:CreateInvalidation",
              "Effect": "Allow",
              "Resource": {
                "Fn::Join": [
                  "",
                  [
                    "arn:",
                    {
                      "Ref": "AWS::Partition",
                    },
                    ":cloudfront::",
                    {
                      "Ref": "AWS::AccountId",
                    },
                    ":distribution/",
                    {
                      "Fn::ImportValue": "TestEdgeStack:ExportsOutputRefDistribution830FAC524DF81588",
                    },
                  ],
                ],
              },
            },
            {
              "Action": "ecr:GetAuthorizationToken",
              "Effect": "Allow",
              "Resource": "*",
            },
            {
              "Action": [
                "ecr:BatchCheckLayerAvailability",
                "ecr:InitiateLayerUpload",
                "ecr:UploadLayerPart",
                "ecr:CompleteLayerUpload",
                "ecr:PutImage",
                "ecr:BatchGetImage",
                "ecr:GetDownloadUrlForLayer",
              ],
              "Effect": "Allow",
              "Resource": {
                "Fn::ImportValue": "TestAppStack:ExportsOutputFnGetAttRepository22E53BBDArn3AD4E30B",
              },
            },
            {
              "Action": [
                "lambda:UpdateFunctionCode",
                "lambda:GetFunction",
                "lambda:GetFunctionConfiguration",
              ],
              "Effect": "Allow",
              "Resource": [
                {
                  "Fn::ImportValue": "TestAppStack:ExportsOutputFnGetAttApiFunctionCE271BD4Arn4729005E",
                },
                {
                  "Fn::ImportValue": "TestAppStack:ExportsOutputFnGetAttChatFunction3D7C447EArn52D22D75",
                },
                {
                  "Fn::ImportValue": "TestAppStack:ExportsOutputFnGetAttIngestFunction4B2F2EB2ArnCFA1AFB0",
                },
              ],
            },
            {
              "Action": "cloudformation:DescribeStacks",
              "Effect": "Allow",
              "Resource": [
                {
                  "Fn::Join": [
                    "",
                    [
                      "arn:",
                      {
                        "Ref": "AWS::Partition",
                      },
                      ":cloudformation:",
                      {
                        "Ref": "AWS::Region",
                      },
                      ":",
                      {
                        "Ref": "AWS::AccountId",
                      },
                      ":stack/TestDataStack/*",
                    ],
                  ],
                },
                {
                  "Fn::Join": [
                    "",
                    [
                      "arn:",
                      {
                        "Ref": "AWS::Partition",
                      },
                      ":cloudformation:",
                      {
                        "Ref": "AWS::Region",
                      },
                      ":",
                      {
                        "Ref": "AWS::AccountId",
                      },
                      ":stack/TestAppStack/*",
                    ],
                  ],
                },
                {
                  "Fn::Join": [
                    "",
                    [
                      "arn:",
                      {
                        "Ref": "AWS::Partition",
                      },
                      ":cloudformation:",
                      {
                        "Ref": "AWS::Region",
                      },
                      ":",
                      {
                        "Ref": "AWS::AccountId",
                      },
                      ":stack/TestEdgeStack/*",
                    ],
                  ],
                },
              ],
            },
          ],
          "Version": "2012-10-17",
        },
        "PolicyName": "DeployRoleDefaultPolicyDC930F96",
        "Roles": [
          {
            "Ref": "DeployRole885297C3",
          },
        ],
      },
      "Type": "AWS::IAM::Policy",
    },
    "GithubOidcProvider": {
      "Properties": {
        "ClientIdList": [
          "sts.amazonaws.com",
        ],
        "Url": "https://token.actions.githubusercontent.com",
      },
      "Type": "AWS::IAM::OIDCProvider",
    },
  },
  "Rules": {
    "CheckBootstrapVersion": {
      "Assertions": [
        {
          "Assert": {
            "Fn::Not": [
              {
                "Fn::Contains": [
                  [
                    "1",
                    "2",
                    "3",
                    "4",
                    "5",
                  ],
                  {
                    "Ref": "BootstrapVersion",
                  },
                ],
              },
            ],
          },
          "AssertDescription": "CDK bootstrap stack version 6 required. Please run 'cdk bootstrap' with a recent version of the CDK CLI.",
        },
      ],
    },
  },
}
`;
